---
source: tests/json.rs
expression: val
input_file: tests/json_inputs/example.json

---
Some(Object({
  "glossary": Object({
    "title": String("example glossary"),
    "GlossDiv": Object({
      "title": String("S"),
      "GlossList": Object({
        "GlossEntry": Object({
          "ID": String("SGML"),
          "SortAs": String("SGML"),
          "GlossTerm": String("Standard Generalized Markup Language"),
          "Acronym": String("SGML"),
          "Abbrev": String("ISO 8879:1986"),
          "GlossDef": Object({
            "para": String("A meta-markup language, used to create markup languages such as DocBook."),
            "GlossSeeAlso": Array([
              String("GML"),
              String("XML"),
            ]),
          }),
          "GlossSee": String("markup"),
        }),
      }),
    }),
  }),
}))
